---
http_interactions:
- request:
    method: post
    uri: https://vnext.10000ft.com/api/v1/bill_rates?assignable_id=183765&rate=123
    body:
      encoding: UTF-8
      string: ''
    headers:
      User-Agent:
      - Faraday v0.9.2
      Content-Type:
      - application/json
      Auth:
      - "<TENK_TOKEN>"
      Content-Length:
      - '0'
      Accept-Encoding:
      - gzip;q=1.0,deflate;q=0.6,identity;q=0.3
      Accept:
      - "*/*"
  response:
    status:
      code: 500
      message: Internal Server Error
    headers:
      Cache-Control:
      - no-cache
      Content-Type:
      - application/json; charset=utf-8
      Date:
      - Fri, 27 Jan 2017 21:28:37 GMT
      Server:
      - Apache/2.4.7 (Ubuntu)
      Status:
      - 500 Internal Server Error
      X-Powered-By:
      - Phusion Passenger 4.0.58
      X-Rack-Cache:
      - invalidate, pass
      X-Request-Id:
      - 7b1c6320da4abb1493311eddb267450b
      X-Runtime:
      - '0.096297'
      X-Ua-Compatible:
      - IE=Edge,chrome=1
      Content-Length:
      - '28'
      Connection:
      - keep-alive
    body:
      encoding: UTF-8
      string: '{"message":"internal error"}'
    http_version: 
  recorded_at: Fri, 27 Jan 2017 21:28:37 GMT
- request:
    method: post
    uri: https://vnext.10000ft.com/api/v1/bill_rates?assignable_id=183760&rate=123
    body:
      encoding: UTF-8
      string: ''
    headers:
      User-Agent:
      - Faraday v0.9.2
      Content-Type:
      - application/json
      Auth:
      - "<TENK_TOKEN>"
      Content-Length:
      - '0'
      Accept-Encoding:
      - gzip;q=1.0,deflate;q=0.6,identity;q=0.3
      Accept:
      - "*/*"
  response:
    status:
      code: 500
      message: Internal Server Error
    headers:
      Cache-Control:
      - no-cache
      Content-Type:
      - application/json; charset=utf-8
      Date:
      - Fri, 27 Jan 2017 21:32:56 GMT
      Server:
      - Apache/2.4.7 (Ubuntu)
      Status:
      - 500 Internal Server Error
      X-Powered-By:
      - Phusion Passenger 4.0.58
      X-Rack-Cache:
      - invalidate, pass
      X-Request-Id:
      - 57fa14bd7215d9d7fa05aa0bdbf7872e
      X-Runtime:
      - '0.089164'
      X-Ua-Compatible:
      - IE=Edge,chrome=1
      Content-Length:
      - '28'
      Connection:
      - keep-alive
    body:
      encoding: UTF-8
      string: '{"message":"internal error"}'
    http_version: 
  recorded_at: Fri, 27 Jan 2017 21:32:56 GMT
- request:
    method: post
    uri: https://vnext.10000ft.com/api/v1/projects/183760/bill_rates?ends_at=2017-01-31&starts_at=2017-01-01&user_id=30256
    body:
      encoding: UTF-8
      string: ''
    headers:
      User-Agent:
      - Faraday v0.9.2
      Content-Type:
      - application/json
      Auth:
      - "<TENK_TOKEN>"
      Content-Length:
      - '0'
      Accept-Encoding:
      - gzip;q=1.0,deflate;q=0.6,identity;q=0.3
      Accept:
      - "*/*"
  response:
    status:
      code: 403
      message: Forbidden
    headers:
      Cache-Control:
      - no-cache
      Content-Type:
      - application/json; charset=utf-8
      Date:
      - Sat, 28 Jan 2017 00:09:22 GMT
      Server:
      - Apache/2.4.7 (Ubuntu)
      Status:
      - 403 Forbidden
      X-Powered-By:
      - Phusion Passenger 4.0.58
      X-Rack-Cache:
      - invalidate, pass
      X-Request-Id:
      - f8c9bdb8cdb86eaf10ec2cdab4eebc95
      X-Runtime:
      - '0.071649'
      X-Ua-Compatible:
      - IE=Edge,chrome=1
      Content-Length:
      - '55'
      Connection:
      - keep-alive
    body:
      encoding: UTF-8
      string: '{"message":"bad data","errors":["Rate can''t be blank"]}'
    http_version: 
  recorded_at: Sat, 28 Jan 2017 00:09:23 GMT
- request:
    method: post
    uri: https://vnext.10000ft.com/api/v1/projects/183760/bill_rates?rate=123&user_id=30256
    body:
      encoding: UTF-8
      string: ''
    headers:
      User-Agent:
      - Faraday v0.9.2
      Content-Type:
      - application/json
      Auth:
      - "<TENK_TOKEN>"
      Content-Length:
      - '0'
      Accept-Encoding:
      - gzip;q=1.0,deflate;q=0.6,identity;q=0.3
      Accept:
      - "*/*"
  response:
    status:
      code: 500
      message: Internal Server Error
    headers:
      Cache-Control:
      - no-cache
      Content-Type:
      - application/json; charset=utf-8
      Date:
      - Sat, 28 Jan 2017 00:10:21 GMT
      Server:
      - Apache/2.4.7 (Ubuntu)
      Status:
      - 500 Internal Server Error
      X-Powered-By:
      - Phusion Passenger 4.0.58
      X-Rack-Cache:
      - invalidate, pass
      X-Request-Id:
      - 68f4f782a42198400d6ab387fe187af7
      X-Runtime:
      - '0.108249'
      X-Ua-Compatible:
      - IE=Edge,chrome=1
      Content-Length:
      - '28'
      Connection:
      - keep-alive
    body:
      encoding: UTF-8
      string: '{"message":"internal error"}'
    http_version: 
  recorded_at: Sat, 28 Jan 2017 00:10:22 GMT
- request:
    method: post
    uri: https://vnext.10000ft.com/api/v1/projects/183760/bill_rates?assignable_id=183760&rate=123&user_id=30256
    body:
      encoding: UTF-8
      string: ''
    headers:
      User-Agent:
      - Faraday v0.9.2
      Content-Type:
      - application/json
      Auth:
      - "<TENK_TOKEN>"
      Content-Length:
      - '0'
      Accept-Encoding:
      - gzip;q=1.0,deflate;q=0.6,identity;q=0.3
      Accept:
      - "*/*"
  response:
    status:
      code: 500
      message: Internal Server Error
    headers:
      Cache-Control:
      - no-cache
      Content-Type:
      - application/json; charset=utf-8
      Date:
      - Sat, 28 Jan 2017 00:11:40 GMT
      Server:
      - Apache/2.4.7 (Ubuntu)
      Status:
      - 500 Internal Server Error
      X-Powered-By:
      - Phusion Passenger 4.0.58
      X-Rack-Cache:
      - invalidate, pass
      X-Request-Id:
      - 014a3468bcc1780fe62f7f7f34ee932f
      X-Runtime:
      - '0.095722'
      X-Ua-Compatible:
      - IE=Edge,chrome=1
      Content-Length:
      - '28'
      Connection:
      - keep-alive
    body:
      encoding: UTF-8
      string: '{"message":"internal error"}'
    http_version: 
  recorded_at: Sat, 28 Jan 2017 00:11:40 GMT
- request:
    method: post
    uri: https://vnext.10000ft.com/api/v1/projects/183760/bill_rates?assignable_id=183765&rate=123&user_id=30256
    body:
      encoding: UTF-8
      string: ''
    headers:
      User-Agent:
      - Faraday v0.9.2
      Content-Type:
      - application/json
      Auth:
      - "<TENK_TOKEN>"
      Content-Length:
      - '0'
      Accept-Encoding:
      - gzip;q=1.0,deflate;q=0.6,identity;q=0.3
      Accept:
      - "*/*"
  response:
    status:
      code: 200
      message: OK
    headers:
      Cache-Control:
      - max-age=0, private, must-revalidate
      Content-Type:
      - application/json; charset=utf-8
      Date:
      - Sat, 28 Jan 2017 00:15:23 GMT
      Etag:
      - '"022070539161b95ce3698bdbda092670-gzip"'
      Server:
      - Apache/2.4.7 (Ubuntu)
      Status:
      - 200 OK
      Vary:
      - Accept-Encoding
      X-Powered-By:
      - Phusion Passenger 4.0.58
      X-Rack-Cache:
      - invalidate, pass
      X-Request-Id:
      - 51602c7ee898ac0cd9e3092af11c2c05
      X-Runtime:
      - '0.069464'
      X-Ua-Compatible:
      - IE=Edge,chrome=1
      Content-Length:
      - '157'
      Connection:
      - keep-alive
    body:
      encoding: ASCII-8BIT
      string: |
        {"id":319938,"rate":123.0,"assignable_id":183765,"discipline_id":null,"role_id":null,"user_id":30256,"starts_at":null,"ends_at":null,"created_at":"2017-01-28T00:15:23Z","updated_at":"2017-01-28T00:15:23Z","startdate":null,"enddate":null}
    http_version: 
  recorded_at: Sat, 28 Jan 2017 00:15:24 GMT
- request:
    method: post
    uri: https://vnext.10000ft.com/api/v1/projects/183760/bill_rates?assignable_id=183765&rate=123&user_id=30256
    body:
      encoding: UTF-8
      string: ''
    headers:
      User-Agent:
      - Faraday v0.9.2
      Content-Type:
      - application/json
      Auth:
      - "<TENK_TOKEN>"
      Content-Length:
      - '0'
      Accept-Encoding:
      - gzip;q=1.0,deflate;q=0.6,identity;q=0.3
      Accept:
      - "*/*"
  response:
    status:
      code: 500
      message: Internal Server Error
    headers:
      Cache-Control:
      - no-cache
      Content-Type:
      - application/json; charset=utf-8
      Date:
      - Fri, 03 Feb 2017 00:35:50 GMT
      Server:
      - Apache/2.4.7 (Ubuntu)
      Status:
      - 500 Internal Server Error
      X-Powered-By:
      - Phusion Passenger 4.0.58
      X-Rack-Cache:
      - invalidate, pass
      X-Request-Id:
      - 22425175b68dc11b0bbb26641ba26378
      X-Runtime:
      - '0.114700'
      X-Ua-Compatible:
      - IE=Edge,chrome=1
      Content-Length:
      - '28'
      Connection:
      - keep-alive
    body:
      encoding: UTF-8
      string: '{"message":"internal error"}'
    http_version: 
  recorded_at: Fri, 03 Feb 2017 00:35:50 GMT
recorded_with: VCR 2.9.3
