---
http_interactions:
- request:
    method: put
    uri: https://vnext.10000ft.com/api/v1/bill_rates/319903?rate=123
    body:
      encoding: UTF-8
      string: ''
    headers:
      User-Agent:
      - Faraday v0.9.2
      Content-Type:
      - application/json
      Auth:
      - "<TENK_TOKEN>"
      Content-Length:
      - '0'
      Accept-Encoding:
      - gzip;q=1.0,deflate;q=0.6,identity;q=0.3
      Accept:
      - "*/*"
  response:
    status:
      code: 200
      message: OK
    headers:
      Cache-Control:
      - max-age=0, private, must-revalidate
      Content-Type:
      - application/json; charset=utf-8
      Date:
      - Fri, 27 Jan 2017 21:28:38 GMT
      Etag:
      - '"698ca230d7dde0aa0c60600b318d1d58-gzip"'
      Server:
      - Apache/2.4.7 (Ubuntu)
      Status:
      - 200 OK
      Vary:
      - Accept-Encoding
      X-Powered-By:
      - Phusion Passenger 4.0.58
      X-Rack-Cache:
      - invalidate, pass
      X-Request-Id:
      - 89400d3ed739ebf5b0eb72cb7fb8336d
      X-Runtime:
      - '0.076382'
      X-Ua-Compatible:
      - IE=Edge,chrome=1
      Content-Length:
      - '160'
      Connection:
      - keep-alive
    body:
      encoding: ASCII-8BIT
      string: |
        {"id":319903,"rate":123.0,"assignable_id":183760,"discipline_id":null,"role_id":null,"user_id":null,"starts_at":null,"ends_at":null,"created_at":"2017-01-25T23:13:44Z","updated_at":"2017-01-27T21:28:38Z","startdate":null,"enddate":null}
    http_version: 
  recorded_at: Fri, 27 Jan 2017 21:28:38 GMT
- request:
    method: put
    uri: https://vnext.10000ft.com/api/v1/projects/183760/bill_rates/319903?rate=123
    body:
      encoding: UTF-8
      string: ''
    headers:
      User-Agent:
      - Faraday v0.9.2
      Content-Type:
      - application/json
      Auth:
      - "<TENK_TOKEN>"
      Content-Length:
      - '0'
      Accept-Encoding:
      - gzip;q=1.0,deflate;q=0.6,identity;q=0.3
      Accept:
      - "*/*"
  response:
    status:
      code: 200
      message: OK
    headers:
      Cache-Control:
      - max-age=0, private, must-revalidate
      Content-Type:
      - application/json; charset=utf-8
      Date:
      - Sat, 28 Jan 2017 00:10:41 GMT
      Etag:
      - '"698ca230d7dde0aa0c60600b318d1d58-gzip"'
      Server:
      - Apache/2.4.7 (Ubuntu)
      Status:
      - 200 OK
      Vary:
      - Accept-Encoding
      X-Powered-By:
      - Phusion Passenger 4.0.58
      X-Rack-Cache:
      - invalidate, pass
      X-Request-Id:
      - e69bbbaaf16f4dab4f07f7479b759d85
      X-Runtime:
      - '0.058483'
      X-Ua-Compatible:
      - IE=Edge,chrome=1
      Content-Length:
      - '160'
      Connection:
      - keep-alive
    body:
      encoding: ASCII-8BIT
      string: |
        {"id":319903,"rate":123.0,"assignable_id":183760,"discipline_id":null,"role_id":null,"user_id":null,"starts_at":null,"ends_at":null,"created_at":"2017-01-25T23:13:44Z","updated_at":"2017-01-27T21:28:38Z","startdate":null,"enddate":null}
    http_version: 
  recorded_at: Sat, 28 Jan 2017 00:10:41 GMT
- request:
    method: put
    uri: https://vnext.10000ft.com/api/v1/projects/183765/bill_rates/319903?assignable_id=183765&rate=123
    body:
      encoding: UTF-8
      string: ''
    headers:
      User-Agent:
      - Faraday v0.9.2
      Content-Type:
      - application/json
      Auth:
      - "<TENK_TOKEN>"
      Content-Length:
      - '0'
      Accept-Encoding:
      - gzip;q=1.0,deflate;q=0.6,identity;q=0.3
      Accept:
      - "*/*"
  response:
    status:
      code: 403
      message: Forbidden
    headers:
      Cache-Control:
      - no-cache
      Content-Type:
      - application/json; charset=utf-8
      Date:
      - Sat, 28 Jan 2017 00:11:08 GMT
      Server:
      - Apache/2.4.7 (Ubuntu)
      Status:
      - 403 Forbidden
      X-Powered-By:
      - Phusion Passenger 4.0.58
      X-Rack-Cache:
      - invalidate, pass
      X-Request-Id:
      - 8831596861d5dcbf5c38183117b0853e
      X-Runtime:
      - '0.064262'
      X-Ua-Compatible:
      - IE=Edge,chrome=1
      Content-Length:
      - '57'
      Connection:
      - keep-alive
    body:
      encoding: UTF-8
      string: '{"message":"bad data","errors":["invalid assignable_id"]}'
    http_version: 
  recorded_at: Sat, 28 Jan 2017 00:11:08 GMT
- request:
    method: put
    uri: https://vnext.10000ft.com/api/v1/projects/183760/bill_rates/319903?assignable_id=183760&rate=123
    body:
      encoding: UTF-8
      string: ''
    headers:
      User-Agent:
      - Faraday v0.9.2
      Content-Type:
      - application/json
      Auth:
      - "<TENK_TOKEN>"
      Content-Length:
      - '0'
      Accept-Encoding:
      - gzip;q=1.0,deflate;q=0.6,identity;q=0.3
      Accept:
      - "*/*"
  response:
    status:
      code: 200
      message: OK
    headers:
      Cache-Control:
      - max-age=0, private, must-revalidate
      Content-Type:
      - application/json; charset=utf-8
      Date:
      - Sat, 28 Jan 2017 00:11:27 GMT
      Etag:
      - '"698ca230d7dde0aa0c60600b318d1d58-gzip"'
      Server:
      - Apache/2.4.7 (Ubuntu)
      Status:
      - 200 OK
      Vary:
      - Accept-Encoding
      X-Powered-By:
      - Phusion Passenger 4.0.58
      X-Rack-Cache:
      - invalidate, pass
      X-Request-Id:
      - 273d6716de8fdbe03d5d1b32ac39348d
      X-Runtime:
      - '0.054786'
      X-Ua-Compatible:
      - IE=Edge,chrome=1
      Content-Length:
      - '160'
      Connection:
      - keep-alive
    body:
      encoding: ASCII-8BIT
      string: |
        {"id":319903,"rate":123.0,"assignable_id":183760,"discipline_id":null,"role_id":null,"user_id":null,"starts_at":null,"ends_at":null,"created_at":"2017-01-25T23:13:44Z","updated_at":"2017-01-27T21:28:38Z","startdate":null,"enddate":null}
    http_version: 
  recorded_at: Sat, 28 Jan 2017 00:11:27 GMT
- request:
    method: put
    uri: https://vnext.10000ft.com/api/v1/projects/183760/bill_rates/319903?assignable_id=183765&rate=123
    body:
      encoding: UTF-8
      string: ''
    headers:
      User-Agent:
      - Faraday v0.9.2
      Content-Type:
      - application/json
      Auth:
      - "<TENK_TOKEN>"
      Content-Length:
      - '0'
      Accept-Encoding:
      - gzip;q=1.0,deflate;q=0.6,identity;q=0.3
      Accept:
      - "*/*"
  response:
    status:
      code: 403
      message: Forbidden
    headers:
      Cache-Control:
      - no-cache
      Content-Type:
      - application/json; charset=utf-8
      Date:
      - Sat, 28 Jan 2017 00:15:23 GMT
      Server:
      - Apache/2.4.7 (Ubuntu)
      Status:
      - 403 Forbidden
      X-Powered-By:
      - Phusion Passenger 4.0.58
      X-Rack-Cache:
      - invalidate, pass
      X-Request-Id:
      - 24a4d3082fab8a00fa9d77722de49799
      X-Runtime:
      - '0.064622'
      X-Ua-Compatible:
      - IE=Edge,chrome=1
      Content-Length:
      - '57'
      Connection:
      - keep-alive
    body:
      encoding: UTF-8
      string: '{"message":"bad data","errors":["invalid assignable_id"]}'
    http_version: 
  recorded_at: Sat, 28 Jan 2017 00:15:23 GMT
- request:
    method: put
    uri: https://vnext.10000ft.com/api/v1/projects/183760/bill_rates/319903?assignable_id=183760&rate=123
    body:
      encoding: UTF-8
      string: ''
    headers:
      User-Agent:
      - Faraday v0.9.2
      Content-Type:
      - application/json
      Auth:
      - "<TENK_TOKEN>"
      Content-Length:
      - '0'
      Accept-Encoding:
      - gzip;q=1.0,deflate;q=0.6,identity;q=0.3
      Accept:
      - "*/*"
  response:
    status:
      code: 200
      message: OK
    headers:
      Cache-Control:
      - max-age=0, private, must-revalidate
      Content-Type:
      - application/json; charset=utf-8
      Date:
      - Fri, 03 Feb 2017 00:35:50 GMT
      Etag:
      - '"698ca230d7dde0aa0c60600b318d1d58-gzip"'
      Server:
      - Apache/2.4.7 (Ubuntu)
      Status:
      - 200 OK
      Vary:
      - Accept-Encoding
      X-Powered-By:
      - Phusion Passenger 4.0.58
      X-Rack-Cache:
      - invalidate, pass
      X-Request-Id:
      - 458e3f6d38a546ad243e7f6db7b4892c
      X-Runtime:
      - '0.054543'
      X-Ua-Compatible:
      - IE=Edge,chrome=1
      Content-Length:
      - '160'
      Connection:
      - keep-alive
    body:
      encoding: ASCII-8BIT
      string: |
        {"id":319903,"rate":123.0,"assignable_id":183760,"discipline_id":null,"role_id":null,"user_id":null,"starts_at":null,"ends_at":null,"created_at":"2017-01-25T23:13:44Z","updated_at":"2017-01-27T21:28:38Z","startdate":null,"enddate":null}
    http_version: 
  recorded_at: Fri, 03 Feb 2017 00:35:51 GMT
recorded_with: VCR 2.9.3
